// Jest Snapshot v1, https://goo.gl/fbAQLP

exports[`When component is mounted And it should match snapshot 1`] = `
<button
  onClick={[Function]}
>
  Click Me !
</button>
`;
